../Core/Src/lcd.c:29:6:LCD_WR_REG	16	static
../Core/Src/lcd.c:34:6:LCD_WR_DATA	16	static
../Core/Src/lcd.c:39:10:LCD_RD_DATA	16	static
../Core/Src/lcd.c:47:6:lcdSetAddress	24	static
../Core/Src/lcd.c:62:6:lcdSetCursor	16	static
../Core/Src/lcd.c:72:6:lcdSetDisplayOn	8	static
../Core/Src/lcd.c:77:6:lcdSetDisplayOff	8	static
../Core/Src/lcd.c:82:10:lcdReadPoint	24	static
../Core/Src/lcd.c:100:6:lcdClear	24	static
../Core/Src/lcd.c:122:6:lcdFill	32	static
../Core/Src/lcd.c:143:6:lcdDrawPoint	16	static
../Core/Src/lcd.c:158:6:lcdDrawLine	64	static
../Core/Src/lcd.c:207:6:lcdDrawRect	32	static
../Core/Src/lcd.c:225:6:lcdShowChar	40	static
../Core/Src/lcd.c:276:10:mypow	24	static
../Core/Src/lcd.c:294:6:lcdShowIntNum	48	static
../Core/Src/lcd.c:313:6:lcdShowIntNumCenter	56	static
../Core/Src/lcd.c:340:6:lcdShowFloatNum	56	static
../Core/Src/lcd.c:360:6:lcdShowPicture	40	static
../Core/Src/lcd.c:379:6:lcdSetDirection	16	static
../Core/Src/lcd.c:393:6:initLCD	8	static
../Core/Src/lcd.c:503:13:_draw_circle_8	24	static
../Core/Src/lcd.c:528:6:lcdDrawCircle	48	static
../Core/Src/lcd.c:581:6:lcdShowString	56	static
../Core/Src/lcd.c:622:6:lcdShowStringCenter	56	static
