Archive member included to satisfy reference by file (symbol)

/Applications/STM32CubeIDE.app/Contents/Eclipse/plugins/com.st.stm32cube.ide.mcu.externaltools.gnu-tools-for-stm32.12.3.rel1.macos64_1.0.100.202403111906/tools/bin/../lib/gcc/arm-none-eabi/12.3.1/../../../../arm-none-eabi/lib/thumb/v7e-m+fp/hard/libc_nano.a(libc_a-exit.o)
                              /Applications/STM32CubeIDE.app/Contents/Eclipse/plugins/com.st.stm32cube.ide.mcu.externaltools.gnu-tools-for-stm32.12.3.rel1.macos64_1.0.100.202403111906/tools/bin/../lib/gcc/arm-none-eabi/12.3.1/../../../../arm-none-eabi/lib/thumb/v7e-m+fp/hard/crt0.o (exit)
/Applications/STM32CubeIDE.app/Contents/Eclipse/plugins/com.st.stm32cube.ide.mcu.externaltools.gnu-tools-for-stm32.12.3.rel1.macos64_1.0.100.202403111906/tools/bin/../lib/gcc/arm-none-eabi/12.3.1/../../../../arm-none-eabi/lib/thumb/v7e-m+fp/hard/libc_nano.a(libc_a-findfp.o)
                              /Applications/STM32CubeIDE.app/Contents/Eclipse/plugins/com.st.stm32cube.ide.mcu.externaltools.gnu-tools-for-stm32.12.3.rel1.macos64_1.0.100.202403111906/tools/bin/../lib/gcc/arm-none-eabi/12.3.1/../../../../arm-none-eabi/lib/thumb/v7e-m+fp/hard/libc_nano.a(libc_a-exit.o) (__stdio_exit_handler)
/Applications/STM32CubeIDE.app/Contents/Eclipse/plugins/com.st.stm32cube.ide.mcu.externaltools.gnu-tools-for-stm32.12.3.rel1.macos64_1.0.100.202403111906/tools/bin/../lib/gcc/arm-none-eabi/12.3.1/../../../../arm-none-eabi/lib/thumb/v7e-m+fp/hard/libc_nano.a(libc_a-fwalk.o)
                              /Applications/STM32CubeIDE.app/Contents/Eclipse/plugins/com.st.stm32cube.ide.mcu.externaltools.gnu-tools-for-stm32.12.3.rel1.macos64_1.0.100.202403111906/tools/bin/../lib/gcc/arm-none-eabi/12.3.1/../../../../arm-none-eabi/lib/thumb/v7e-m+fp/hard/libc_nano.a(libc_a-findfp.o) (_fwalk_sglue)
/Applications/STM32CubeIDE.app/Contents/Eclipse/plugins/com.st.stm32cube.ide.mcu.externaltools.gnu-tools-for-stm32.12.3.rel1.macos64_1.0.100.202403111906/tools/bin/../lib/gcc/arm-none-eabi/12.3.1/../../../../arm-none-eabi/lib/thumb/v7e-m+fp/hard/libc_nano.a(libc_a-memset.o)
                              /Applications/STM32CubeIDE.app/Contents/Eclipse/plugins/com.st.stm32cube.ide.mcu.externaltools.gnu-tools-for-stm32.12.3.rel1.macos64_1.0.100.202403111906/tools/bin/../lib/gcc/arm-none-eabi/12.3.1/../../../../arm-none-eabi/lib/thumb/v7e-m+fp/hard/crt0.o (memset)
/Applications/STM32CubeIDE.app/Contents/Eclipse/plugins/com.st.stm32cube.ide.mcu.externaltools.gnu-tools-for-stm32.12.3.rel1.macos64_1.0.100.202403111906/tools/bin/../lib/gcc/arm-none-eabi/12.3.1/../../../../arm-none-eabi/lib/thumb/v7e-m+fp/hard/libc_nano.a(libc_a-impure.o)
                              /Applications/STM32CubeIDE.app/Contents/Eclipse/plugins/com.st.stm32cube.ide.mcu.externaltools.gnu-tools-for-stm32.12.3.rel1.macos64_1.0.100.202403111906/tools/bin/../lib/gcc/arm-none-eabi/12.3.1/../../../../arm-none-eabi/lib/thumb/v7e-m+fp/hard/libc_nano.a(libc_a-findfp.o) (_impure_data)
/Applications/STM32CubeIDE.app/Contents/Eclipse/plugins/com.st.stm32cube.ide.mcu.externaltools.gnu-tools-for-stm32.12.3.rel1.macos64_1.0.100.202403111906/tools/bin/../lib/gcc/arm-none-eabi/12.3.1/../../../../arm-none-eabi/lib/thumb/v7e-m+fp/hard/libc_nano.a(libc_a-errno.o)
                              ./Core/Src/syscalls.o (__errno)
/Applications/STM32CubeIDE.app/Contents/Eclipse/plugins/com.st.stm32cube.ide.mcu.externaltools.gnu-tools-for-stm32.12.3.rel1.macos64_1.0.100.202403111906/tools/bin/../lib/gcc/arm-none-eabi/12.3.1/../../../../arm-none-eabi/lib/thumb/v7e-m+fp/hard/libc_nano.a(libc_a-init.o)
                              /Applications/STM32CubeIDE.app/Contents/Eclipse/plugins/com.st.stm32cube.ide.mcu.externaltools.gnu-tools-for-stm32.12.3.rel1.macos64_1.0.100.202403111906/tools/bin/../lib/gcc/arm-none-eabi/12.3.1/../../../../arm-none-eabi/lib/thumb/v7e-m+fp/hard/crt0.o (__libc_init_array)
/Applications/STM32CubeIDE.app/Contents/Eclipse/plugins/com.st.stm32cube.ide.mcu.externaltools.gnu-tools-for-stm32.12.3.rel1.macos64_1.0.100.202403111906/tools/bin/../lib/gcc/arm-none-eabi/12.3.1/../../../../arm-none-eabi/lib/thumb/v7e-m+fp/hard/libc_nano.a(libc_a-lock.o)
                              /Applications/STM32CubeIDE.app/Contents/Eclipse/plugins/com.st.stm32cube.ide.mcu.externaltools.gnu-tools-for-stm32.12.3.rel1.macos64_1.0.100.202403111906/tools/bin/../lib/gcc/arm-none-eabi/12.3.1/../../../../arm-none-eabi/lib/thumb/v7e-m+fp/hard/libc_nano.a(libc_a-findfp.o) (__retarget_lock_init_recursive)
/Applications/STM32CubeIDE.app/Contents/Eclipse/plugins/com.st.stm32cube.ide.mcu.externaltools.gnu-tools-for-stm32.12.3.rel1.macos64_1.0.100.202403111906/tools/bin/../lib/gcc/arm-none-eabi/12.3.1/../../../../arm-none-eabi/lib/thumb/v7e-m+fp/hard/libc_nano.a(libc_a-mallocr.o)
[...]
Memory Configuration

Name             Origin             Length             Attributes
CCMRAM           0x10000000         0x00010000         xrw
RAM              0x20000000         0x00020000         xrw
FLASH            0x08000000         0x00100000         xr
*default*        0x00000000         0xffffffff

Linker script and memory map

LOAD /Applications/STM32CubeIDE.app/Contents/Eclipse/plugins/com.st.stm32cube.ide.mcu.externaltools.gnu-tools-for-stm32.12.3.rel1.macos64_1.0.100.202403111906/tools/bin/../lib/gcc/arm-none-eabi/12.3.1/thumb/v7e-m+fp/hard/crti.o
LOAD /Applications/STM32CubeIDE.app/Contents/Eclipse/plugins/com.st.stm32cube.ide.mcu.externaltools.gnu-tools-for-stm32.12.3.rel1.macos64_1.0.100.202403111906/tools/bin/../lib/gcc/arm-none-eabi/12.3.1/thumb/v7e-m+fp/hard/crtbegin.o
LOAD /Applications/STM32CubeIDE.app/Contents/Eclipse/plugins/com.st.stm32cube.ide.mcu.externaltools.gnu-tools-for-stm32.12.3.rel1.macos64_1.0.100.202403111906/tools/bin/../lib/gcc/arm-none-eabi/12.3.1/../../../../arm-none-eabi/lib/thumb/v7e-m+fp/hard/crt0.o
LOAD ./Core/Src/button.o
LOAD ./Core/Src/ds3231.o
LOAD ./Core/Src/fsmc.o
LOAD ./Core/Src/gpio.o
LOAD ./Core/Src/i2c.o
LOAD ./Core/Src/lcd.o
LOAD ./Core/Src/led7Seg.o
LOAD ./Core/Src/main.o
LOAD ./Core/Src/sTimer.o
LOAD ./Core/Src/spi.o
LOAD ./Core/Src/stm32f4xx_hal_msp.o
LOAD ./Core/Src/stm32f4xx_it.o
LOAD ./Core/Src/syscalls.o
LOAD ./Core/Src/sysmem.o
LOAD ./Core/Src/system_stm32f4xx.o
LOAD ./Core/Src/tim.o
LOAD ./Core/Src/usart.o
LOAD ./Core/Src/utils.o
LOAD ./Core/Startup/startup_stm32f407zgtx.o
LOAD ./Drivers/STM32F4xx_HAL_Driver/Src/stm32f4xx_hal.o
LOAD ./Drivers/STM32F4xx_HAL_Driver/Src/stm32f4xx_hal_cortex.o
LOAD ./Drivers/STM32F4xx_HAL_Driver/Src/stm32f4xx_hal_dma.o
LOAD ./Drivers/STM32F4xx_HAL_Driver/Src/stm32f4xx_hal_dma_ex.o
LOAD ./Drivers/STM32F4xx_HAL_Driver/Src/stm32f4xx_hal_exti.o
LOAD ./Drivers/STM32F4xx_HAL_Driver/Src/stm32f4xx_hal_flash.o
LOAD ./Drivers/STM32F4xx_HAL_Driver/Src/stm32f4xx_hal_flash_ex.o
LOAD ./Drivers/STM32F4xx_HAL_Driver/Src/stm32f4xx_hal_flash_ramfunc.o
LOAD ./Drivers/STM32F4xx_HAL_Driver/Src/stm32f4xx_hal_gpio.o
LOAD ./Drivers/STM32F4xx_HAL_Driver/Src/stm32f4xx_hal_i2c.o
LOAD ./Drivers/STM32F4xx_HAL_Driver/Src/stm32f4xx_hal_i2c_ex.o
LOAD ./Drivers/STM32F4xx_HAL_Driver/Src/stm32f4xx_hal_pwr.o
LOAD ./Drivers/STM32F4xx_HAL_Driver/Src/stm32f4xx_hal_pwr_ex.o
LOAD ./Drivers/STM32F4xx_HAL_Driver/Src/stm32f4xx_hal_rcc.o
LOAD ./Drivers/STM32F4xx_HAL_Driver/Src/stm32f4xx_hal_rcc_ex.o
LOAD ./Drivers/STM32F4xx_HAL_Driver/Src/stm32f4xx_hal_spi.o
LOAD ./Drivers/STM32F4xx_HAL_Driver/Src/stm32f4xx_hal_sram.o
LOAD ./Drivers/STM32F4xx_HAL_Driver/Src/stm32f4xx_hal_tim.o
LOAD ./Drivers/STM32F4xx_HAL_Driver/Src/stm32f4xx_hal_tim_ex.o
LOAD ./Drivers/STM32F4xx_HAL_Driver/Src/stm32f4xx_hal_uart.o
LOAD ./Drivers/STM32F4xx_HAL_Driver/Src/stm32f4xx_ll_fsmc.o
START GROUP
LOAD /Applications/STM32CubeIDE.app/Contents/Eclipse/plugins/com.st.stm32cube.ide.mcu.externaltools.gnu-tools-for-stm32.12.3.rel1.macos64_1.0.100.202403111906/tools/bin/../lib/gcc/arm-none-eabi/12.3.1/../../../../arm-none-eabi/lib/thumb/v7e-m+fp/hard/libc_nano.a
LOAD /Applications/STM32CubeIDE.app/Contents/Eclipse/plugins/com.st.stm32cube.ide.mcu.externaltools.gnu-tools-for-stm32.12.3.rel1.macos64_1.0.100.202403111906/tools/bin/../lib/gcc/arm-none-eabi/12.3.1/../../../../arm-none-eabi/lib/thumb/v7e-m+fp/hard/libm.a
END GROUP
START GROUP
LOAD /Applications/STM32CubeIDE.app/Contents/Eclipse/plugins/com.st.stm32cube.ide.mcu.externaltools.gnu-tools-for-stm32.12.3.rel1.macos64_1.0.100.202403111906/tools/bin/../lib/gcc/arm-none-eabi/12.3.1/thumb/v7e-m+fp/hard/libgcc.a
LOAD /Applications/STM32CubeIDE.app/Contents/Eclipse/plugins/com.st.stm32cube.ide.mcu.externaltools.gnu-tools-for-stm32.12.3.rel1.macos64_1.0.100.202403111906/tools/bin/../lib/gcc/arm-none-eabi/12.3.1/../../../../arm-none-eabi/lib/thumb/v7e-m+fp/hard/libc_nano.a
END GROUP
START GROUP
LOAD /Applications/STM32CubeIDE.app/Contents/Eclipse/plugins/com.st.stm32cube.ide.mcu.externaltools.gnu-tools-for-stm32.12.3.rel1.macos64_1.0.100.202403111906/tools/bin/../lib/gcc/arm-none-eabi/12.3.1/thumb/v7e-m+fp/hard/libgcc.a
LOAD /Applications/STM32CubeIDE.app/Contents/Eclipse/plugins/com.st.stm32cube.ide.mcu.externaltools.gnu-tools-for-stm32.12.3.rel1.macos64_1.0.100.202403111906/tools/bin/../lib/gcc/arm-none-eabi/12.3.1/../../../../arm-none-eabi/lib/thumb/v7e-m+fp/hard/libc_nano.a
LOAD /Applications/STM32CubeIDE.app/Contents/Eclipse/plugins/com.st.stm32cube.ide.mcu.externaltools.gnu-tools-for-stm32.12.3.rel1.macos64_1.0.100.202403111906/tools/bin/../lib/gcc/arm-none-eabi/12.3.1/../../../../arm-none-eabi/lib/thumb/v7e-m+fp/hard/libnosys.a
END GROUP
START GROUP
LOAD /Applications/STM32CubeIDE.app/Contents/Eclipse/plugins/com.st.stm32cube.ide.mcu.externaltools.gnu-tools-for-stm32.12.3.rel1.macos64_1.0.100.202403111906/tools/bin/../lib/gcc/arm-none-eabi/12.3.1/thumb/v7e-m+fp/hard/libgcc.a
LOAD /Applications/STM32CubeIDE.app/Contents/Eclipse/plugins/com.st.stm32cube.ide.mcu.externaltools.gnu-tools-for-stm32.12.3.rel1.macos64_1.0.100.202403111906/tools/bin/../lib/gcc/arm-none-eabi/12.3.1/../../../../arm-none-eabi/lib/thumb/v7e-m+fp/hard/libc_nano.a
LOAD /Applications/STM32CubeIDE.app/Contents/Eclipse/plugins/com.st.stm32cube.ide.mcu.externaltools.gnu-tools-for-stm32.12.3.rel1.macos64_1.0.100.202403111906/tools/bin/../lib/gcc/arm-none-eabi/12.3.1/../../../../arm-none-eabi/lib/thumb/v7e-m+fp/hard/libnosys.a
END GROUP
LOAD /Applications/STM32CubeIDE.app/Contents/Eclipse/plugins/com.st.stm32cube.ide.mcu.externaltools.gnu-tools-for-stm32.12.3.rel1.macos64_1.0.100.202403111906/tools/bin/../lib/gcc/arm-none-eabi/12.3.1/thumb/v7e-m+fp/hard/crtend.o
LOAD /Applications/STM32CubeIDE.app/Contents/Eclipse/plugins/com.st.stm32cube.ide.mcu.externaltools.gnu-tools-for-stm32.12.3.rel1.macos64_1.0.100.202403111906/tools/bin/../lib/gcc/arm-none-eabi/12.3.1/thumb/v7e-m+fp/hard/crtn.o
                0x20020000                        _estack = (ORIGIN (RAM) + LENGTH (RAM))
                0x00000200                        _Min_Heap_Size = 0x200
                0x00000400                        _Min_Stack_Size = 0x400

.isr_vector     0x08000000      0x188
                0x08000000                        . = ALIGN (0x4)
 *(.isr_vector)
 .isr_vector    0x08000000      0x188 ./Core/Startup/startup_stm32f407zgtx.o
                0x08000000                g_pfnVectors
                0x08000188                        . = ALIGN (0x4)

.text           0x08000188     0x4678
                0x08000188                        . = ALIGN (0x4)
 *(.text)
 .text          0x08000188       0x40 /Applications/STM32CubeIDE.app/Contents/Eclipse/plugins/com.st.stm32cube.ide.mcu.externaltools.gnu-tools-for-stm32.12.3.rel1.macos64_1.0.100.202403111906/tools/bin/../lib/gcc/arm-none-eabi/12.3.1/thumb/v7e-m+fp/hard/crtbegin.o
 .text          0x080001c8       0x30 /Applications/STM32CubeIDE.app/Contents/Eclipse/plugins/com.st.stm32cube.ide.mcu.externaltools.gnu-tools-for-stm32.12.3.rel1.macos64_1.0.100.202403111906/tools/bin/../lib/gcc/arm-none-eabi/12.3.1/thumb/v7e-m+fp/hard/libgcc.a(_aeabi_uldivmod.o)
                0x080001c8                __aeabi_uldivmod
 .text          0x080001f8      0x2bc /Applications/STM32CubeIDE.app/Contents/Eclipse/plugins/com.st.stm32cube.ide.mcu.externaltools.gnu-tools-for-stm32.12.3.rel1.macos64_1.0.100.202403111906/tools/bin/../lib/gcc/arm-none-eabi/12.3.1/thumb/v7e-m+fp/hard/libgcc.a(_udivmoddi4.o)
                0x080001f8                __udivmoddi4
 .text          0x080004b4        0x4 /Applications/STM32CubeIDE.app/Contents/Eclipse/plugins/com.st.stm32cube.ide.mcu.externaltools.gnu-tools-for-stm32.12.3.rel1.macos64_1.0.100.202403111906/tools/bin/../lib/gcc/arm-none-eabi/12.3.1/thumb/v7e-m+fp/hard/libgcc.a(_dvmd_tls.o)
                0x080004b4                __aeabi_ldiv0
                0x080004b4                __aeabi_idiv0
 *(.text*)
 .text.initButton
                0x080004b8       0x18 ./Core/Src/button.o
                0x080004b8                initButton
 .text.MX_FSMC_Init
                0x080004d0       0xf4 ./Core/Src/fsmc.o
                0x080004d0                MX_FSMC_Init
 .text.HAL_FSMC_MspInit
                0x080005c4       0x98 ./Core/Src/fsmc.o
 .text.HAL_SRAM_MspInit
                0x0800065c       0x14 ./Core/Src/fsmc.o
                0x0800065c                HAL_SRAM_MspInit
 .text.MX_GPIO_Init
                0x08000670      0x1c0 ./Core/Src/gpio.o
                0x08000670                MX_GPIO_Init
 .text.MX_I2C1_Init
                0x08000830       0x5c ./Core/Src/i2c.o
                0x08000830                MX_I2C1_Init
 .text.HAL_I2C_MspInit
                0x0800088c       0x90 ./Core/Src/i2c.o
                0x0800088c                HAL_I2C_MspInit
 .text.LCD_WR_REG
                0x0800091c       0x20 ./Core/Src/lcd.o
                0x0800091c                LCD_WR_REG
 .text.LCD_WR_DATA
                0x0800093c       0x20 ./Core/Src/lcd.o
 .text.LCD_RD_DATA
                0x0800095c       0x24 ./Core/Src/lcd.o
 .text.lcdSetDirection
                0x08000980       0x48 ./Core/Src/lcd.o
                0x08000980                lcdSetDirection
 .text.initLCD  0x080009c8      0x2c0 ./Core/Src/lcd.o
                0x080009c8                initLCD
 .text.initLed7Seg
                0x08000c88       0x18 ./Core/Src/led7Seg.o
                0x08000c88                initLed7Seg
 .text.led7SegDisplay
                0x08000ca0      0x118 ./Core/Src/led7Seg.o
                0x08000ca0                led7SegDisplay
 .text.main     0x08000db8       0x52 ./Core/Src/main.o
                0x08000db8                main
 *fill*         0x08000e0a        0x2 
 .text.SystemClock_Config
                0x08000e0c       0xd4 ./Core/Src/main.o
                0x08000e0c                SystemClock_Config
 .text.debugSystem
                0x08000ee0       0x18 ./Core/Src/main.o
                0x08000ee0                debugSystem
 .text.initSystem
                0x08000ef8       0x1c ./Core/Src/main.o
                0x08000ef8                initSystem
 .text.Error_Handler
                0x08000f14        0xc ./Core/Src/main.o
                0x08000f14                Error_Handler
 .text.initTimer2
                0x08000f20       0x14 ./Core/Src/sTimer.o
                0x08000f20                initTimer2
 .text.initTimer4
                0x08000f34       0x14 ./Core/Src/sTimer.o
                0x08000f34                initTimer4
 .text.sTimer2Set
                0x08000f48       0x3c ./Core/Src/sTimer.o
                0x08000f48                sTimer2Set
 .text.sTimer4Set
                0x08000f84       0x3c ./Core/Src/sTimer.o
                0x08000f84                sTimer4Set
 .text.sTimer2GetFlag
                0x08000fc0       0x38 ./Core/Src/sTimer.o
                0x08000fc0                sTimer2GetFlag
 .text.HAL_TIM_PeriodElapsedCallback
                0x08000ff8       0x80 ./Core/Src/sTimer.o
                0x08000ff8                HAL_TIM_PeriodElapsedCallback
 .text.MX_SPI1_Init
                0x08001078       0x6c ./Core/Src/spi.o
                0x08001078                MX_SPI1_Init
 .text.HAL_SPI_MspInit
                0x080010e4       0x90 ./Core/Src/spi.o
                0x080010e4                HAL_SPI_MspInit
 .text.HAL_MspInit
                0x08001174       0x50 ./Core/Src/stm32f4xx_hal_msp.o
                0x08001174                HAL_MspInit
 .text.NMI_Handler
                0x080011c4        0x8 ./Core/Src/stm32f4xx_it.o
                0x080011c4                NMI_Handler
 .text.HardFault_Handler
                0x080011cc        0x8 ./Core/Src/stm32f4xx_it.o
                0x080011cc                HardFault_Handler
 .text.MemManage_Handler
                0x080011d4        0x8 ./Core/Src/stm32f4xx_it.o
                0x080011d4                MemManage_Handler
 .text.BusFault_Handler
                0x080011dc        0x8 ./Core/Src/stm32f4xx_it.o
                0x080011dc                BusFault_Handler
 .text.UsageFault_Handler
                0x080011e4        0x8 ./Core/Src/stm32f4xx_it.o
                0x080011e4                UsageFault_Handler
 .text.SVC_Handler
                0x080011ec        0xe ./Core/Src/stm32f4xx_it.o
                0x080011ec                SVC_Handler
 .text.DebugMon_Handler
                0x080011fa        0xe ./Core/Src/stm32f4xx_it.o
                0x080011fa                DebugMon_Handler
 .text.PendSV_Handler
                0x08001208        0xe ./Core/Src/stm32f4xx_it.o
                0x08001208                PendSV_Handler
 .text.SysTick_Handler
                0x08001216        0xc ./Core/Src/stm32f4xx_it.o
                0x08001216                SysTick_Handler
 *fill*         0x08001222        0x2 
 .text.TIM2_IRQHandler
                0x08001224       0x14 ./Core/Src/stm32f4xx_it.o
                0x08001224                TIM2_IRQHandler
 .text.TIM4_IRQHandler
                0x08001238       0x14 ./Core/Src/stm32f4xx_it.o
                0x08001238                TIM4_IRQHandler
 .text.USART1_IRQHandler
                0x0800124c       0x14 ./Core/Src/stm32f4xx_it.o
                0x0800124c                USART1_IRQHandler
 .text.SystemInit
                0x08001260       0x24 ./Core/Src/system_stm32f4xx.o
                0x08001260                SystemInit
 .text.MX_TIM2_Init
                0x08001284       0x98 ./Core/Src/tim.o
                0x08001284                MX_TIM2_Init
 .text.MX_TIM4_Init
                0x0800131c       0x9c ./Core/Src/tim.o
                0x0800131c                MX_TIM4_Init
 .text.HAL_TIM_Base_MspInit
                0x080013b8       0x88 ./Core/Src/tim.o
                0x080013b8                HAL_TIM_Base_MspInit
 .text.MX_USART1_UART_Init
                0x08001440       0x54 ./Core/Src/usart.o
                0x08001440                MX_USART1_UART_Init
 .text.HAL_UART_MspInit
                0x08001494       0xa0 ./Core/Src/usart.o
                0x08001494                HAL_UART_MspInit
 .text.Reset_Handler
                0x08001534       0x50 ./Core/Startup/startup_stm32f407zgtx.o
                0x08001534                Reset_Handler
 .text.Default_Handler
                0x08001584        0x2 ./Core/Startup/startup_stm32f407zgtx.o
                0x08001584                DMA1_Stream3_IRQHandler
                0x08001584                HASH_RNG_IRQHandler
                0x08001584                EXTI2_IRQHandler
                0x08001584                TIM8_CC_IRQHandler
                0x08001584                TIM1_CC_IRQHandler
                0x08001584                DMA2_Stream5_IRQHandler
                0x08001584                DMA1_Stream5_IRQHandler
                0x08001584                PVD_IRQHandler
                0x08001584                SDIO_IRQHandler
                0x08001584                TAMP_STAMP_IRQHandler
                0x08001584                CAN2_RX1_IRQHandler
                0x08001584                EXTI3_IRQHandler
                0x08001584                TIM8_TRG_COM_TIM14_IRQHandler
                0x08001584                TIM1_UP_TIM10_IRQHandler
                0x08001584                TIM8_UP_TIM13_IRQHandler
                0x08001584                I2C3_ER_IRQHandler
                0x08001584                EXTI0_IRQHandler
                0x08001584                I2C2_EV_IRQHandler
                0x08001584                DMA1_Stream2_IRQHandler
                0x08001584                CAN1_RX0_IRQHandler
                0x08001584                FPU_IRQHandler
                0x08001584                OTG_HS_WKUP_IRQHandler
                0x08001584                CAN2_SCE_IRQHandler
                0x08001584                DMA2_Stream2_IRQHandler
                0x08001584                SPI1_IRQHandler
                0x08001584                TIM6_DAC_IRQHandler
                0x08001584                TIM1_BRK_TIM9_IRQHandler
                0x08001584                DCMI_IRQHandler
                0x08001584                CAN2_RX0_IRQHandler
                0x08001584                DMA2_Stream3_IRQHandler
                0x08001584                USART6_IRQHandler
                0x08001584                USART3_IRQHandler
                0x08001584                CAN1_RX1_IRQHandler
                0x08001584                UART5_IRQHandler
                0x08001584                DMA2_Stream0_IRQHandler
                0x08001584                I2C1_EV_IRQHandler
                0x08001584                DMA1_Stream6_IRQHandler
                0x08001584                DMA1_Stream1_IRQHandler
                0x08001584                UART4_IRQHandler
                0x08001584                TIM3_IRQHandler
                0x08001584                RCC_IRQHandler
                0x08001584                TIM8_BRK_TIM12_IRQHandler
                0x08001584                Default_Handler
                0x08001584                EXTI15_10_IRQHandler
                0x08001584                ADC_IRQHandler
                0x08001584                DMA1_Stream7_IRQHandler
                0x08001584                TIM7_IRQHandler
                0x08001584                CAN2_TX_IRQHandler
                0x08001584                TIM5_IRQHandler
                0x08001584                DMA2_Stream7_IRQHandler
                0x08001584                I2C3_EV_IRQHandler
                0x08001584                EXTI9_5_IRQHandler
                0x08001584                RTC_WKUP_IRQHandler
                0x08001584                ETH_WKUP_IRQHandler
                0x08001584                SPI2_IRQHandler
                0x08001584                OTG_HS_EP1_IN_IRQHandler
                0x08001584                DMA1_Stream0_IRQHandler
                0x08001584                CAN1_TX_IRQHandler
                0x08001584                EXTI4_IRQHandler
                0x08001584                FSMC_IRQHandler
                0x08001584                ETH_IRQHandler
                0x08001584                OTG_HS_EP1_OUT_IRQHandler
                0x08001584                WWDG_IRQHandler
                0x08001584                OTG_FS_WKUP_IRQHandler
                0x08001584                TIM1_TRG_COM_TIM11_IRQHandler
                0x08001584                OTG_HS_IRQHandler
                0x08001584                EXTI1_IRQHandler
                0x08001584                USART2_IRQHandler
                0x08001584                I2C2_ER_IRQHandler
                0x08001584                DMA2_Stream1_IRQHandler
                0x08001584                CAN1_SCE_IRQHandler
                0x08001584                FLASH_IRQHandler
                0x08001584                DMA2_Stream4_IRQHandler
                0x08001584                OTG_FS_IRQHandler
                0x08001584                SPI3_IRQHandler
                0x08001584                DMA1_Stream4_IRQHandler
                0x08001584                I2C1_ER_IRQHandler
                0x08001584                DMA2_Stream6_IRQHandler
                0x08001584                RTC_Alarm_IRQHandler
 *fill*         0x08001586        0x2 
 .text.HAL_Init
                0x08001588       0x44 ./Drivers/STM32F4xx_HAL_Driver/Src/stm32f4xx_hal.o
                0x08001588                HAL_Init
 .text.HAL_InitTick
                0x080015cc       0x60 ./Drivers/STM32F4xx_HAL_Driver/Src/stm32f4xx_hal.o
                0x080015cc                HAL_InitTick
 .text.HAL_IncTick
                0x0800162c       0x28 ./Drivers/STM32F4xx_HAL_Driver/Src/stm32f4xx_hal.o
                0x0800162c                HAL_IncTick
 .text.HAL_GetTick
                0x08001654       0x18 ./Drivers/STM32F4xx_HAL_Driver/Src/stm32f4xx_hal.o
                0x08001654                HAL_GetTick
 .text.HAL_Delay
                0x0800166c       0x48 ./Drivers/STM32F4xx_HAL_Driver/Src/stm32f4xx_hal.o
                0x0800166c                HAL_Delay
 .text.__NVIC_SetPriorityGrouping
                0x080016b4       0x48 ./Drivers/STM32F4xx_HAL_Driver/Src/stm32f4xx_hal_cortex.o
 .text.__NVIC_GetPriorityGrouping
                0x080016fc       0x1c ./Drivers/STM32F4xx_HAL_Driver/Src/stm32f4xx_hal_cortex.o
 .text.__NVIC_EnableIRQ
                0x08001718       0x3c ./Drivers/STM32F4xx_HAL_Driver/Src/stm32f4xx_hal_cortex.o
 .text.__NVIC_SetPriority
                0x08001754       0x54 ./Drivers/STM32F4xx_HAL_Driver/Src/stm32f4xx_hal_cortex.o
 .text.NVIC_EncodePriority
                0x080017a8       0x66 ./Drivers/STM32F4xx_HAL_Driver/Src/stm32f4xx_hal_cortex.o
 *fill*         0x0800180e        0x2 
 .text.SysTick_Config
                0x08001810       0x44 ./Drivers/STM32F4xx_HAL_Driver/Src/stm32f4xx_hal_cortex.o
 .text.HAL_NVIC_SetPriorityGrouping
                0x08001854       0x16 ./Drivers/STM32F4xx_HAL_Driver/Src/stm32f4xx_hal_cortex.o
                0x08001854                HAL_NVIC_SetPriorityGrouping
 .text.HAL_NVIC_SetPriority
                0x0800186a       0x38 ./Drivers/STM32F4xx_HAL_Driver/Src/stm32f4xx_hal_cortex.o
                0x0800186a                HAL_NVIC_SetPriority
 .text.HAL_NVIC_EnableIRQ
                0x080018a2       0x1c ./Drivers/STM32F4xx_HAL_Driver/Src/stm32f4xx_hal_cortex.o
                0x080018a2                HAL_NVIC_EnableIRQ
 .text.HAL_SYSTICK_Config
                0x080018be       0x18 ./Drivers/STM32F4xx_HAL_Driver/Src/stm32f4xx_hal_cortex.o
                0x080018be                HAL_SYSTICK_Config
 .text.HAL_DMA_Abort
                0x080018d6       0xe0 ./Drivers/STM32F4xx_HAL_Driver/Src/stm32f4xx_hal_dma.o
                0x080018d6                HAL_DMA_Abort
 .text.HAL_DMA_Abort_IT
                0x080019b6       0x44 ./Drivers/STM32F4xx_HAL_Driver/Src/stm32f4xx_hal_dma.o
                0x080019b6                HAL_DMA_Abort_IT
 *fill*         0x080019fa        0x2 
 .text.HAL_GPIO_Init
                0x080019fc      0x338 ./Drivers/STM32F4xx_HAL_Driver/Src/stm32f4xx_hal_gpio.o
                0x080019fc                HAL_GPIO_Init
 .text.HAL_GPIO_WritePin
                0x08001d34       0x32 ./Drivers/STM32F4xx_HAL_Driver/Src/stm32f4xx_hal_gpio.o
                0x08001d34                HAL_GPIO_WritePin
 .text.HAL_GPIO_TogglePin
                0x08001d66       0x34 ./Drivers/STM32F4xx_HAL_Driver/Src/stm32f4xx_hal_gpio.o
                0x08001d66                HAL_GPIO_TogglePin
 *fill*         0x08001d9a        0x2 
 .text.HAL_I2C_Init
                0x08001d9c      0x288 ./Drivers/STM32F4xx_HAL_Driver/Src/stm32f4xx_hal_i2c.o
                0x08001d9c                HAL_I2C_Init
 .text.HAL_RCC_OscConfig
                0x08002024      0x4f0 ./Drivers/STM32F4xx_HAL_Driver/Src/stm32f4xx_hal_rcc.o
                0x08002024                HAL_RCC_OscConfig
 .text.HAL_RCC_ClockConfig
                0x08002514      0x1cc ./Drivers/STM32F4xx_HAL_Driver/Src/stm32f4xx_hal_rcc.o
                0x08002514                HAL_RCC_ClockConfig
 .text.HAL_RCC_GetSysClockFreq
                0x080026e0      0x18c ./Drivers/STM32F4xx_HAL_Driver/Src/stm32f4xx_hal_rcc.o
                0x080026e0                HAL_RCC_GetSysClockFreq
 .text.HAL_RCC_GetHCLKFreq
                0x0800286c       0x18 ./Drivers/STM32F4xx_HAL_Driver/Src/stm32f4xx_hal_rcc.o
                0x0800286c                HAL_RCC_GetHCLKFreq
 .text.HAL_RCC_GetPCLK1Freq
                0x08002884       0x28 ./Drivers/STM32F4xx_HAL_Driver/Src/stm32f4xx_hal_rcc.o
                0x08002884                HAL_RCC_GetPCLK1Freq
 .text.HAL_RCC_GetPCLK2Freq
                0x080028ac       0x28 ./Drivers/STM32F4xx_HAL_Driver/Src/stm32f4xx_hal_rcc.o
                0x080028ac                HAL_RCC_GetPCLK2Freq
 .text.HAL_SPI_Init
                0x080028d4      0x112 ./Drivers/STM32F4xx_HAL_Driver/Src/stm32f4xx_hal_spi.o
                0x080028d4                HAL_SPI_Init
 .text.HAL_SPI_Transmit
                0x080029e6      0x288 ./Drivers/STM32F4xx_HAL_Driver/Src/stm32f4xx_hal_spi.o
                0x080029e6                HAL_SPI_Transmit
 *fill*         0x08002c6e        0x2 
 .text.SPI_WaitFlagStateUntilTimeout
                0x08002c70      0x110 ./Drivers/STM32F4xx_HAL_Driver/Src/stm32f4xx_hal_spi.o
 .text.SPI_EndRxTxTransaction
                0x08002d80       0xa8 ./Drivers/STM32F4xx_HAL_Driver/Src/stm32f4xx_hal_spi.o
 .text.HAL_SRAM_Init
                0x08002e28       0x90 ./Drivers/STM32F4xx_HAL_Driver/Src/stm32f4xx_hal_sram.o
                0x08002e28                HAL_SRAM_Init
 .text.HAL_TIM_Base_Init
                0x08002eb8       0x9e ./Drivers/STM32F4xx_HAL_Driver/Src/stm32f4xx_hal_tim.o
                0x08002eb8                HAL_TIM_Base_Init
 *fill*         0x08002f56        0x2 
 .text.HAL_TIM_Base_Start_IT
                0x08002f58       0xe0 ./Drivers/STM32F4xx_HAL_Driver/Src/stm32f4xx_hal_tim.o
                0x08002f58                HAL_TIM_Base_Start_IT
 .text.HAL_TIM_IRQHandler
                0x08003038      0x1e0 ./Drivers/STM32F4xx_HAL_Driver/Src/stm32f4xx_hal_tim.o
                0x08003038                HAL_TIM_IRQHandler
 .text.HAL_TIM_ConfigClockSource
                0x08003218      0x18e ./Drivers/STM32F4xx_HAL_Driver/Src/stm32f4xx_hal_tim.o
                0x08003218                HAL_TIM_ConfigClockSource
 .text.HAL_TIM_OC_DelayElapsedCallback
                0x080033a6       0x14 ./Drivers/STM32F4xx_HAL_Driver/Src/stm32f4xx_hal_tim.o
                0x080033a6                HAL_TIM_OC_DelayElapsedCallback
 .text.HAL_TIM_IC_CaptureCallback
                0x080033ba       0x14 ./Drivers/STM32F4xx_HAL_Driver/Src/stm32f4xx_hal_tim.o
                0x080033ba                HAL_TIM_IC_CaptureCallback
 .text.HAL_TIM_PWM_PulseFinishedCallback
                0x080033ce       0x14 ./Drivers/STM32F4xx_HAL_Driver/Src/stm32f4xx_hal_tim.o
                0x080033ce                HAL_TIM_PWM_PulseFinishedCallback
 .text.HAL_TIM_TriggerCallback
                0x080033e2       0x14 ./Drivers/STM32F4xx_HAL_Driver/Src/stm32f4xx_hal_tim.o
                0x080033e2                HAL_TIM_TriggerCallback
 *fill*         0x080033f6        0x2 
 .text.TIM_Base_SetConfig
                0x080033f8      0x158 ./Drivers/STM32F4xx_HAL_Driver/Src/stm32f4xx_hal_tim.o
                0x080033f8                TIM_Base_SetConfig
 .text.TIM_TI1_ConfigInputStage
                0x08003550       0x5e ./Drivers/STM32F4xx_HAL_Driver/Src/stm32f4xx_hal_tim.o
 .text.TIM_TI2_ConfigInputStage
                0x080035ae       0x60 ./Drivers/STM32F4xx_HAL_Driver/Src/stm32f4xx_hal_tim.o
 .text.TIM_ITRx_SetConfig
                0x0800360e       0x36 ./Drivers/STM32F4xx_HAL_Driver/Src/stm32f4xx_hal_tim.o
 .text.TIM_ETR_SetConfig
                0x08003644       0x40 ./Drivers/STM32F4xx_HAL_Driver/Src/stm32f4xx_hal_tim.o
                0x08003644                TIM_ETR_SetConfig
 .text.HAL_TIMEx_MasterConfigSynchronization
                0x08003684       0xf8 ./Drivers/STM32F4xx_HAL_Driver/Src/stm32f4xx_hal_tim_ex.o
                0x08003684                HAL_TIMEx_MasterConfigSynchronization
 .text.HAL_TIMEx_CommutCallback
                0x0800377c       0x14 ./Drivers/STM32F4xx_HAL_Driver/Src/stm32f4xx_hal_tim_ex.o
                0x0800377c                HAL_TIMEx_CommutCallback
 .text.HAL_TIMEx_BreakCallback
                0x08003790       0x14 ./Drivers/STM32F4xx_HAL_Driver/Src/stm32f4xx_hal_tim_ex.o
                0x08003790                HAL_TIMEx_BreakCallback
 .text.HAL_UART_Init
                0x080037a4       0xa0 ./Drivers/STM32F4xx_HAL_Driver/Src/stm32f4xx_hal_uart.o
                0x080037a4                HAL_UART_Init
 .text.HAL_UART_IRQHandler
                0x08003844      0x524 ./Drivers/STM32F4xx_HAL_Driver/Src/stm32f4xx_hal_uart.o
                0x08003844                HAL_UART_IRQHandler
 .text.HAL_UART_TxCpltCallback
                0x08003d68       0x14 ./Drivers/STM32F4xx_HAL_Driver/Src/stm32f4xx_hal_uart.o
                0x08003d68                HAL_UART_TxCpltCallback
 .text.HAL_UART_RxCpltCallback
                0x08003d7c       0x14 ./Drivers/STM32F4xx_HAL_Driver/Src/stm32f4xx_hal_uart.o
                0x08003d7c                HAL_UART_RxCpltCallback
 .text.HAL_UART_ErrorCallback
                0x08003d90       0x14 ./Drivers/STM32F4xx_HAL_Driver/Src/stm32f4xx_hal_uart.o
                0x08003d90                HAL_UART_ErrorCallback
 .text.HAL_UARTEx_RxEventCallback
                0x08003da4       0x18 ./Drivers/STM32F4xx_HAL_Driver/Src/stm32f4xx_hal_uart.o
                0x08003da4                HAL_UARTEx_RxEventCallback
 .text.UART_EndRxTransfer
                0x08003dbc       0xc6 ./Drivers/STM32F4xx_HAL_Driver/Src/stm32f4xx_hal_uart.o
 .text.UART_DMAAbortOnError
                0x08003e82       0x28 ./Drivers/STM32F4xx_HAL_Driver/Src/stm32f4xx_hal_uart.o
 .text.UART_Transmit_IT
                0x08003eaa       0xa0 ./Drivers/STM32F4xx_HAL_Driver/Src/stm32f4xx_hal_uart.o
 .text.UART_EndTransmit_IT
                0x08003f4a       0x30 ./Drivers/STM32F4xx_HAL_Driver/Src/stm32f4xx_hal_uart.o
 .text.UART_Receive_IT
                0x08003f7a      0x17c ./Drivers/STM32F4xx_HAL_Driver/Src/stm32f4xx_hal_uart.o
 *fill*         0x080040f6        0x2 
 .text.UART_SetConfig
                0x080040f8      0x4e8 ./Drivers/STM32F4xx_HAL_Driver/Src/stm32f4xx_hal_uart.o
 .text.FSMC_NORSRAM_Init
                0x080045e0       0xd4 ./Drivers/STM32F4xx_HAL_Driver/Src/stm32f4xx_ll_fsmc.o
                0x080045e0                FSMC_NORSRAM_Init
 .text.FSMC_NORSRAM_Timing_Init
                0x080046b4       0x6a ./Drivers/STM32F4xx_HAL_Driver/Src/stm32f4xx_ll_fsmc.o
                0x080046b4                FSMC_NORSRAM_Timing_Init
 *fill*         0x0800471e        0x2 
 .text.FSMC_NORSRAM_Extended_Timing_Init
                0x08004720       0x70 ./Drivers/STM32F4xx_HAL_Driver/Src/stm32f4xx_ll_fsmc.o
                0x08004720                FSMC_NORSRAM_Extended_Timing_Init
 .text.memset   0x08004790       0x10 /Applications/STM32CubeIDE.app/Contents/Eclipse/plugins/com.st.stm32cube.ide.mcu.externaltools.gnu-tools-for-stm32.12.3.rel1.macos64_1.0.100.202403111906/tools/bin/../lib/gcc/arm-none-eabi/12.3.1/../../../../arm-none-eabi/lib/thumb/v7e-m+fp/hard/libc_nano.a(libc_a-memset.o)
                0x08004790                memset
 .text.__libc_init_array
                0x080047a0       0x48 /Applications/STM32CubeIDE.app/Contents/Eclipse/plugins/com.st.stm32cube.ide.mcu.externaltools.gnu-tools-for-stm32.12.3.rel1.macos64_1.0.100.202403111906/tools/bin/../lib/gcc/arm-none-eabi/12.3.1/../../../../arm-none-eabi/lib/thumb/v7e-m+fp/hard/libc_nano.a(libc_a-init.o)
                0x080047a0                __libc_init_array
 *(.glue_7)
 .glue_7        0x080047e8        0x0 linker stubs
 *(.glue_7t)
 .glue_7t       0x080047e8        0x0 linker stubs
 *(.eh_frame)
 .eh_frame      0x080047e8        0x0 /Applications/STM32CubeIDE.app/Contents/Eclipse/plugins/com.st.stm32cube.ide.mcu.externaltools.gnu-tools-for-stm32.12.3.rel1.macos64_1.0.100.202403111906/tools/bin/../lib/gcc/arm-none-eabi/12.3.1/thumb/v7e-m+fp/hard/crtbegin.o
 *(.init)
 .init          0x080047e8        0x4 /Applications/STM32CubeIDE.app/Contents/Eclipse/plugins/com.st.stm32cube.ide.mcu.externaltools.gnu-tools-for-stm32.12.3.rel1.macos64_1.0.100.202403111906/tools/bin/../lib/gcc/arm-none-eabi/12.3.1/thumb/v7e-m+fp/hard/crti.o
                0x080047e8                _init
 .init          0x080047ec        0x8 /Applications/STM32CubeIDE.app/Contents/Eclipse/plugins/com.st.stm32cube.ide.mcu.externaltools.gnu-tools-for-stm32.12.3.rel1.macos64_1.0.100.202403111906/tools/bin/../lib/gcc/arm-none-eabi/12.3.1/thumb/v7e-m+fp/hard/crtn.o
 *(.fini)
 .fini          0x080047f4        0x4 /Applications/STM32CubeIDE.app/Contents/Eclipse/plugins/com.st.stm32cube.ide.mcu.externaltools.gnu-tools-for-stm32.12.3.rel1.macos64_1.0.100.202403111906/tools/bin/../lib/gcc/arm-none-eabi/12.3.1/thumb/v7e-m+fp/hard/crti.o
                0x080047f4                _fini
 .fini          0x080047f8        0x8 /Applications/STM32CubeIDE.app/Contents/Eclipse/plugins/com.st.stm32cube.ide.mcu.externaltools.gnu-tools-for-stm32.12.3.rel1.macos64_1.0.100.202403111906/tools/bin/../lib/gcc/arm-none-eabi/12.3.1/thumb/v7e-m+fp/hard/crtn.o
                0x08004800                        . = ALIGN (0x4)
                0x08004800                        _etext = .

.vfp11_veneer   0x08004800        0x0
 .vfp11_veneer  0x08004800        0x0 linker stubs

.v4_bx          0x08004800        0x0
 .v4_bx         0x08004800        0x0 linker stubs

.iplt           0x08004800        0x0
 .iplt          0x08004800        0x0 /Applications/STM32CubeIDE.app/Contents/Eclipse/plugins/com.st.stm32cube.ide.mcu.externaltools.gnu-tools-for-stm32.12.3.rel1.macos64_1.0.100.202403111906/tools/bin/../lib/gcc/arm-none-eabi/12.3.1/thumb/v7e-m+fp/hard/crtbegin.o

.rodata         0x08004800       0x18
                0x08004800                        . = ALIGN (0x4)
 *(.rodata)
 *(.rodata*)
 .rodata.AHBPrescTable
                0x08004800       0x10 ./Core/Src/system_stm32f4xx.o
                0x08004800                AHBPrescTable
 .rodata.APBPrescTable
                0x08004810        0x8 ./Core/Src/system_stm32f4xx.o
                0x08004810                APBPrescTable
                0x08004818                        . = ALIGN (0x4)

.ARM.extab      0x08004818        0x0
                0x08004818                        . = ALIGN (0x4)
 *(.ARM.extab* .gnu.linkonce.armextab.*)
                0x08004818                        . = ALIGN (0x4)

.ARM            0x08004818        0x8
                0x08004818                        . = ALIGN (0x4)
                0x08004818                        __exidx_start = .
 *(.ARM.exidx*)
 .ARM.exidx     0x08004818        0x8 /Applications/STM32CubeIDE.app/Contents/Eclipse/plugins/com.st.stm32cube.ide.mcu.externaltools.gnu-tools-for-stm32.12.3.rel1.macos64_1.0.100.202403111906/tools/bin/../lib/gcc/arm-none-eabi/12.3.1/thumb/v7e-m+fp/hard/libgcc.a(_udivmoddi4.o)
                0x08004820                        __exidx_end = .
                0x08004820                        . = ALIGN (0x4)

.preinit_array  0x08004820        0x0
                0x08004820                        . = ALIGN (0x4)
                0x08004820                        PROVIDE (__preinit_array_start = .)
 *(.preinit_array*)
                0x08004820                        PROVIDE (__preinit_array_end = .)
                0x08004820                        . = ALIGN (0x4)

.init_array     0x08004820        0x4
                0x08004820                        . = ALIGN (0x4)
                0x08004820                        PROVIDE (__init_array_start = .)
 *(SORT_BY_NAME(.init_array.*))
 *(.init_array*)
 .init_array    0x08004820        0x4 /Applications/STM32CubeIDE.app/Contents/Eclipse/plugins/com.st.stm32cube.ide.mcu.externaltools.gnu-tools-for-stm32.12.3.rel1.macos64_1.0.100.202403111906/tools/bin/../lib/gcc/arm-none-eabi/12.3.1/thumb/v7e-m+fp/hard/crtbegin.o
                0x08004824                        PROVIDE (__init_array_end = .)
                0x08004824                        . = ALIGN (0x4)

.fini_array     0x08004824        0x4
                0x08004824                        . = ALIGN (0x4)
                [!provide]                        PROVIDE (__fini_array_start = .)
 *(SORT_BY_NAME(.fini_array.*))
 *(.fini_array*)
 .fini_array    0x08004824        0x4 /Applications/STM32CubeIDE.app/Contents/Eclipse/plugins/com.st.stm32cube.ide.mcu.externaltools.gnu-tools-for-stm32.12.3.rel1.macos64_1.0.100.202403111906/tools/bin/../lib/gcc/arm-none-eabi/12.3.1/thumb/v7e-m+fp/hard/crtbegin.o
                [!provide]                        PROVIDE (__fini_array_end = .)
                0x08004828                        . = ALIGN (0x4)
                0x08004828                        _sidata = LOADADDR (.data)

.rel.dyn        0x08004828        0x0
 .rel.iplt      0x08004828        0x0 /Applications/STM32CubeIDE.app/Contents/Eclipse/plugins/com.st.stm32cube.ide.mcu.externaltools.gnu-tools-for-stm32.12.3.rel1.macos64_1.0.100.202403111906/tools/bin/../lib/gcc/arm-none-eabi/12.3.1/thumb/v7e-m+fp/hard/crtbegin.o

.data           0x20000000       0x14 load address 0x08004828
                0x20000000                        . = ALIGN (0x4)
                0x20000000                        _sdata = .
 *(.data)
 *(.data*)
 .data.led_7seg
                0x20000000        0x4 ./Core/Src/led7Seg.o
 .data.spi_buffer
                0x20000004        0x2 ./Core/Src/led7Seg.o
 *fill*         0x20000006        0x2 
 .data.SystemCoreClock
                0x20000008        0x4 ./Core/Src/system_stm32f4xx.o
                0x20000008                SystemCoreClock
 .data.uwTickPrio
                0x2000000c        0x4 ./Drivers/STM32F4xx_HAL_Driver/Src/stm32f4xx_hal.o
                0x2000000c                uwTickPrio
 .data.uwTickFreq
                0x20000010        0x1 ./Drivers/STM32F4xx_HAL_Driver/Src/stm32f4xx_hal.o
                0x20000010                uwTickFreq
 *(.RamFunc)
 *(.RamFunc*)
                0x20000014                        . = ALIGN (0x4)
 *fill*         0x20000011        0x3 
                0x20000014                        _edata = .
                0x0800483c                        _siccmram = LOADADDR (.ccmram)

.igot.plt       0x20000014        0x0 load address 0x0800483c
 .igot.plt      0x20000014        0x0 /Applications/STM32CubeIDE.app/Contents/Eclipse/plugins/com.st.stm32cube.ide.mcu.externaltools.gnu-tools-for-stm32.12.3.rel1.macos64_1.0.100.202403111906/tools/bin/../lib/gcc/arm-none-eabi/12.3.1/thumb/v7e-m+fp/hard/crtbegin.o

.ccmram         0x10000000        0x0 load address 0x0800483c
                0x10000000                        . = ALIGN (0x4)
                0x10000000                        _sccmram = .
 *(.ccmram)
 *(.ccmram*)
                0x10000000                        . = ALIGN (0x4)
                0x10000000                        _eccmram = .
                0x10000000                        . = ALIGN (0x4)

.bss            0x20000014      0x20c
                0x20000014                        _sbss = .
                0x20000014                        __bss_start__ = _sbss
 *(.bss)
 .bss           0x20000014       0x1c /Applications/STM32CubeIDE.app/Contents/Eclipse/plugins/com.st.stm32cube.ide.mcu.externaltools.gnu-tools-for-stm32.12.3.rel1.macos64_1.0.100.202403111906/tools/bin/../lib/gcc/arm-none-eabi/12.3.1/thumb/v7e-m+fp/hard/crtbegin.o
 *(.bss*)
 .bss.hsram1    0x20000030       0x50 ./Core/Src/fsmc.o
                0x20000030                hsram1
 .bss.FSMC_Initialized
                0x20000080        0x4 ./Core/Src/fsmc.o
 .bss.hi2c1     0x20000084       0x54 ./Core/Src/i2c.o
                0x20000084                hi2c1
 .bss.lcddev    0x200000d8        0x6 ./Core/Src/lcd.o
                0x200000d8                lcddev
 .bss.led_7seg_index
                0x200000de        0x2 ./Core/Src/led7Seg.o
 .bss.timer_2_flag
                0x200000e0        0x1 ./Core/Src/sTimer.o
                0x200000e0                timer_2_flag
 *fill*         0x200000e1        0x1 
 .bss.timer_2_counter
                0x200000e2        0x2 ./Core/Src/sTimer.o
                0x200000e2                timer_2_counter
 .bss.timer_2_mul
                0x200000e4        0x2 ./Core/Src/sTimer.o
                0x200000e4                timer_2_mul
 .bss.timer_4_flag
                0x200000e6        0x1 ./Core/Src/sTimer.o
                0x200000e6                timer_4_flag
 *fill*         0x200000e7        0x1 
 .bss.timer_4_counter
                0x200000e8        0x2 ./Core/Src/sTimer.o
                0x200000e8                timer_4_counter
 .bss.timer_4_mul
                0x200000ea        0x2 ./Core/Src/sTimer.o
                0x200000ea                timer_4_mul
 .bss.hspi1     0x200000ec       0x58 ./Core/Src/spi.o
                0x200000ec                hspi1
 .bss.htim2     0x20000144       0x48 ./Core/Src/tim.o
                0x20000144                htim2
 .bss.htim4     0x2000018c       0x48 ./Core/Src/tim.o
                0x2000018c                htim4
 .bss.huart1    0x200001d4       0x48 ./Core/Src/usart.o
                0x200001d4                huart1
 .bss.uwTick    0x2000021c        0x4 ./Drivers/STM32F4xx_HAL_Driver/Src/stm32f4xx_hal.o
                0x2000021c                uwTick
 *(COMMON)
                0x20000220                        . = ALIGN (0x4)
                0x20000220                        _ebss = .
                0x20000220                        __bss_end__ = _ebss

._user_heap_stack
                0x20000220      0x600
                0x20000220                        . = ALIGN (0x8)
                [!provide]                        PROVIDE (end = .)
                0x20000220                        PROVIDE (_end = .)
                0x20000420                        . = (. + _Min_Heap_Size)
 *fill*         0x20000220      0x200 
                0x20000820                        . = (. + _Min_Stack_Size)
 *fill*         0x20000420      0x400 
                0x20000820                        . = ALIGN (0x8)

/DISCARD/
 libc.a(*)
 libm.a(*)
 libgcc.a(*)

.ARM.attributes
                0x00000000       0x30
 *(.ARM.attributes)
 .ARM.attributes
                0x00000000       0x22 /Applications/STM32CubeIDE.app/Contents/Eclipse/plugins/com.st.stm32cube.ide.mcu.externaltools.gnu-tools-for-stm32.12.3.rel1.macos64_1.0.100.202403111906/tools/bin/../lib/gcc/arm-none-eabi/12.3.1/thumb/v7e-m+fp/hard/crti.o
 .ARM.attributes
                0x00000022       0x34 /Applications/STM32CubeIDE.app/Contents/Eclipse/plugins/com.st.stm32cube.ide.mcu.externaltools.gnu-tools-for-stm32.12.3.rel1.macos64_1.0.100.202403111906/tools/bin/../lib/gcc/arm-none-eabi/12.3.1/thumb/v7e-m+fp/hard/crtbegin.o
 .ARM.attributes
                0x00000056       0x34 ./Core/Src/button.o
 .ARM.attributes
                0x0000008a       0x34 ./Core/Src/fsmc.o
 .ARM.attributes
                0x000000be       0x34 ./Core/Src/gpio.o
 .ARM.attributes
                0x000000f2       0x34 ./Core/Src/i2c.o
 .ARM.attributes
                0x00000126       0x34 ./Core/Src/lcd.o
 .ARM.attributes
                0x0000015a       0x34 ./Core/Src/led7Seg.o
 .ARM.attributes
                0x0000018e       0x34 ./Core/Src/main.o
 .ARM.attributes
                0x000001c2       0x34 ./Core/Src/sTimer.o
 .ARM.attributes
                0x000001f6       0x34 ./Core/Src/spi.o
 .ARM.attributes
                0x0000022a       0x34 ./Core/Src/stm32f4xx_hal_msp.o
 .ARM.attributes
                0x0000025e       0x34 ./Core/Src/stm32f4xx_it.o
 .ARM.attributes
                0x00000292       0x34 ./Core/Src/system_stm32f4xx.o
 .ARM.attributes
                0x000002c6       0x34 ./Core/Src/tim.o
 .ARM.attributes
                0x000002fa       0x34 ./Core/Src/usart.o
 .ARM.attributes
                0x0000032e       0x21 ./Core/Startup/startup_stm32f407zgtx.o
 .ARM.attributes
                0x0000034f       0x34 ./Drivers/STM32F4xx_HAL_Driver/Src/stm32f4xx_hal.o
 .ARM.attributes
                0x00000383       0x34 ./Drivers/STM32F4xx_HAL_Driver/Src/stm32f4xx_hal_cortex.o
 .ARM.attributes
                0x000003b7       0x34 ./Drivers/STM32F4xx_HAL_Driver/Src/stm32f4xx_hal_dma.o
 .ARM.attributes
                0x000003eb       0x34 ./Drivers/STM32F4xx_HAL_Driver/Src/stm32f4xx_hal_gpio.o
 .ARM.attributes
                0x0000041f       0x34 ./Drivers/STM32F4xx_HAL_Driver/Src/stm32f4xx_hal_i2c.o
 .ARM.attributes
                0x00000453       0x34 ./Drivers/STM32F4xx_HAL_Driver/Src/stm32f4xx_hal_rcc.o
 .ARM.attributes
                0x00000487       0x34 ./Drivers/STM32F4xx_HAL_Driver/Src/stm32f4xx_hal_spi.o
 .ARM.attributes
                0x000004bb       0x34 ./Drivers/STM32F4xx_HAL_Driver/Src/stm32f4xx_hal_sram.o
 .ARM.attributes
                0x000004ef       0x34 ./Drivers/STM32F4xx_HAL_Driver/Src/stm32f4xx_hal_tim.o
 .ARM.attributes
                0x00000523       0x34 ./Drivers/STM32F4xx_HAL_Driver/Src/stm32f4xx_hal_tim_ex.o
 .ARM.attributes
                0x00000557       0x34 ./Drivers/STM32F4xx_HAL_Driver/Src/stm32f4xx_hal_uart.o
 .ARM.attributes
                0x0000058b       0x34 ./Drivers/STM32F4xx_HAL_Driver/Src/stm32f4xx_ll_fsmc.o
 .ARM.attributes
                0x000005bf       0x34 /Applications/STM32CubeIDE.app/Contents/Eclipse/plugins/com.st.stm32cube.ide.mcu.externaltools.gnu-tools-for-stm32.12.3.rel1.macos64_1.0.100.202403111906/tools/bin/../lib/gcc/arm-none-eabi/12.3.1/../../../../arm-none-eabi/lib/thumb/v7e-m+fp/hard/libc_nano.a(libc_a-memset.o)
 .ARM.attributes
                0x000005f3       0x34 /Applications/STM32CubeIDE.app/Contents/Eclipse/plugins/com.st.stm32cube.ide.mcu.externaltools.gnu-tools-for-stm32.12.3.rel1.macos64_1.0.100.202403111906/tools/bin/../lib/gcc/arm-none-eabi/12.3.1/../../../../arm-none-eabi/lib/thumb/v7e-m+fp/hard/libc_nano.a(libc_a-init.o)
 .ARM.attributes
                0x00000627       0x22 /Applications/STM32CubeIDE.app/Contents/Eclipse/plugins/com.st.stm32cube.ide.mcu.externaltools.gnu-tools-for-stm32.12.3.rel1.macos64_1.0.100.202403111906/tools/bin/../lib/gcc/arm-none-eabi/12.3.1/thumb/v7e-m+fp/hard/libgcc.a(_aeabi_uldivmod.o)
 .ARM.attributes
                0x00000649       0x34 /Applications/STM32CubeIDE.app/Contents/Eclipse/plugins/com.st.stm32cube.ide.mcu.externaltools.gnu-tools-for-stm32.12.3.rel1.macos64_1.0.100.202403111906/tools/bin/../lib/gcc/arm-none-eabi/12.3.1/thumb/v7e-m+fp/hard/libgcc.a(_udivmoddi4.o)
 .ARM.attributes
                0x0000067d       0x22 /Applications/STM32CubeIDE.app/Contents/Eclipse/plugins/com.st.stm32cube.ide.mcu.externaltools.gnu-tools-for-stm32.12.3.rel1.macos64_1.0.100.202403111906/tools/bin/../lib/gcc/arm-none-eabi/12.3.1/thumb/v7e-m+fp/hard/libgcc.a(_dvmd_tls.o)
 .ARM.attributes
                0x0000069f       0x22 /Applications/STM32CubeIDE.app/Contents/Eclipse/plugins/com.st.stm32cube.ide.mcu.externaltools.gnu-tools-for-stm32.12.3.rel1.macos64_1.0.100.202403111906/tools/bin/../lib/gcc/arm-none-eabi/12.3.1/thumb/v7e-m+fp/hard/crtn.o
OUTPUT(lab7.elf elf32-littlearm)
LOAD linker stubs
LOAD /Applications/STM32CubeIDE.app/Contents/Eclipse/plugins/com.st.stm32cube.ide.mcu.externaltools.gnu-tools-for-stm32.12.3.rel1.macos64_1.0.100.202403111906/tools/bin/../lib/gcc/arm-none-eabi/12.3.1/../../../../arm-none-eabi/lib/thumb/v7e-m+fp/hard/libc.a
LOAD /Applications/STM32CubeIDE.app/Contents/Eclipse/plugins/com.st.stm32cube.ide.mcu.externaltools.gnu-tools-for-stm32.12.3.rel1.macos64_1.0.100.202403111906/tools/bin/../lib/gcc/arm-none-eabi/12.3.1/../../../../arm-none-eabi/lib/thumb/v7e-m+fp/hard/libm.a
LOAD /Applications/STM32CubeIDE.app/Contents/Eclipse/plugins/com.st.stm32cube.ide.mcu.externaltools.gnu-tools-for-stm32.12.3.rel1.macos64_1.0.100.202403111906/tools/bin/../lib/gcc/arm-none-eabi/12.3.1/thumb/v7e-m+fp/hard/libgcc.a

.debug_info     0x00000000    0x1624b
 .debug_info    0x00000000      0x776 ./Core/Src/button.o
 .debug_info    0x00000776      0x9ee ./Core/Src/fsmc.o
 .debug_info    0x00001164      0x45d ./Core/Src/gpio.o
 .debug_info    0x000015c1      0x968 ./Core/Src/i2c.o
 .debug_info    0x00001f29      0xd5b ./Core/Src/lcd.o
 .debug_info    0x00002c84      0x834 ./Core/Src/led7Seg.o
 .debug_info    0x000034b8      0x631 ./Core/Src/main.o
 .debug_info    0x00003ae9      0x7e8 ./Core/Src/sTimer.o
 .debug_info    0x000042d1      0x94d ./Core/Src/spi.o
 .debug_info    0x00004c1e      0x269 ./Core/Src/stm32f4xx_hal_msp.o
 .debug_info    0x00004e87      0x9a6 ./Core/Src/stm32f4xx_it.o
 .debug_info    0x0000582d      0x512 ./Core/Src/system_stm32f4xx.o
 .debug_info    0x00005d3f      0xc62 ./Core/Src/tim.o
 .debug_info    0x000069a1      0xb8d ./Core/Src/usart.o
 .debug_info    0x0000752e       0x30 ./Core/Startup/startup_stm32f407zgtx.o
 .debug_info    0x0000755e      0x944 ./Drivers/STM32F4xx_HAL_Driver/Src/stm32f4xx_hal.o
 .debug_info    0x00007ea2      0xd8c ./Drivers/STM32F4xx_HAL_Driver/Src/stm32f4xx_hal_cortex.o
 .debug_info    0x00008c2e      0x8e7 ./Drivers/STM32F4xx_HAL_Driver/Src/stm32f4xx_hal_dma.o
 .debug_info    0x00009515      0x6c3 ./Drivers/STM32F4xx_HAL_Driver/Src/stm32f4xx_hal_gpio.o
 .debug_info    0x00009bd8     0x2415 ./Drivers/STM32F4xx_HAL_Driver/Src/stm32f4xx_hal_i2c.o
 .debug_info    0x0000bfed      0x8af ./Drivers/STM32F4xx_HAL_Driver/Src/stm32f4xx_hal_rcc.o
 .debug_info    0x0000c89c     0x1525 ./Drivers/STM32F4xx_HAL_Driver/Src/stm32f4xx_hal_spi.o
 .debug_info    0x0000ddc1      0xd39 ./Drivers/STM32F4xx_HAL_Driver/Src/stm32f4xx_hal_sram.o
 .debug_info    0x0000eafa     0x299d ./Drivers/STM32F4xx_HAL_Driver/Src/stm32f4xx_hal_tim.o
 .debug_info    0x00011497     0x14db ./Drivers/STM32F4xx_HAL_Driver/Src/stm32f4xx_hal_tim_ex.o
 .debug_info    0x00012972     0x2f4f ./Drivers/STM32F4xx_HAL_Driver/Src/stm32f4xx_hal_uart.o
 .debug_info    0x000158c1      0x98a ./Drivers/STM32F4xx_HAL_Driver/Src/stm32f4xx_ll_fsmc.o

.debug_abbrev   0x00000000     0x3706
 .debug_abbrev  0x00000000      0x1d3 ./Core/Src/button.o
 .debug_abbrev  0x000001d3      0x212 ./Core/Src/fsmc.o
 .debug_abbrev  0x000003e5      0x152 ./Core/Src/gpio.o
 .debug_abbrev  0x00000537      0x1f1 ./Core/Src/i2c.o
 .debug_abbrev  0x00000728      0x32a ./Core/Src/lcd.o
 .debug_abbrev  0x00000a52      0x1e8 ./Core/Src/led7Seg.o
 .debug_abbrev  0x00000c3a      0x208 ./Core/Src/main.o
 .debug_abbrev  0x00000e42      0x1fb ./Core/Src/sTimer.o
 .debug_abbrev  0x0000103d      0x1fa ./Core/Src/spi.o
 .debug_abbrev  0x00001237       0xd8 ./Core/Src/stm32f4xx_hal_msp.o
 .debug_abbrev  0x0000130f      0x19c ./Core/Src/stm32f4xx_it.o
 .debug_abbrev  0x000014ab      0x11a ./Core/Src/system_stm32f4xx.o
 .debug_abbrev  0x000015c5      0x206 ./Core/Src/tim.o
 .debug_abbrev  0x000017cb      0x218 ./Core/Src/usart.o
 .debug_abbrev  0x000019e3       0x24 ./Core/Startup/startup_stm32f407zgtx.o
 .debug_abbrev  0x00001a07      0x214 ./Drivers/STM32F4xx_HAL_Driver/Src/stm32f4xx_hal.o
 .debug_abbrev  0x00001c1b      0x31d ./Drivers/STM32F4xx_HAL_Driver/Src/stm32f4xx_hal_cortex.o
 .debug_abbrev  0x00001f38      0x264 ./Drivers/STM32F4xx_HAL_Driver/Src/stm32f4xx_hal_dma.o
 .debug_abbrev  0x0000219c      0x1d4 ./Drivers/STM32F4xx_HAL_Driver/Src/stm32f4xx_hal_gpio.o
 .debug_abbrev  0x00002370      0x2ad ./Drivers/STM32F4xx_HAL_Driver/Src/stm32f4xx_hal_i2c.o
 .debug_abbrev  0x0000261d      0x2b7 ./Drivers/STM32F4xx_HAL_Driver/Src/stm32f4xx_hal_rcc.o
 .debug_abbrev  0x000028d4      0x27a ./Drivers/STM32F4xx_HAL_Driver/Src/stm32f4xx_hal_spi.o
 .debug_abbrev  0x00002b4e      0x20c ./Drivers/STM32F4xx_HAL_Driver/Src/stm32f4xx_hal_sram.o
 .debug_abbrev  0x00002d5a      0x278 ./Drivers/STM32F4xx_HAL_Driver/Src/stm32f4xx_hal_tim.o
 .debug_abbrev  0x00002fd2      0x283 ./Drivers/STM32F4xx_HAL_Driver/Src/stm32f4xx_hal_tim_ex.o
 .debug_abbrev  0x00003255      0x30e ./Drivers/STM32F4xx_HAL_Driver/Src/stm32f4xx_hal_uart.o
 .debug_abbrev  0x00003563      0x1a3 ./Drivers/STM32F4xx_HAL_Driver/Src/stm32f4xx_ll_fsmc.o

.debug_aranges  0x00000000     0x14a0
 .debug_aranges
                0x00000000       0x28 ./Core/Src/button.o
 .debug_aranges
                0x00000028       0x40 ./Core/Src/fsmc.o
 .debug_aranges
                0x00000068       0x20 ./Core/Src/gpio.o
 .debug_aranges
                0x00000088       0x30 ./Core/Src/i2c.o
 .debug_aranges
                0x000000b8       0xe0 ./Core/Src/lcd.o
 .debug_aranges
                0x00000198       0x50 ./Core/Src/led7Seg.o
 .debug_aranges
                0x000001e8       0x40 ./Core/Src/main.o
 .debug_aranges
                0x00000228       0x50 ./Core/Src/sTimer.o
 .debug_aranges
                0x00000278       0x30 ./Core/Src/spi.o
 .debug_aranges
                0x000002a8       0x20 ./Core/Src/stm32f4xx_hal_msp.o
 .debug_aranges
                0x000002c8       0x78 ./Core/Src/stm32f4xx_it.o
 .debug_aranges
                0x00000340       0x28 ./Core/Src/system_stm32f4xx.o
 .debug_aranges
                0x00000368       0x38 ./Core/Src/tim.o
 .debug_aranges
                0x000003a0       0x30 ./Core/Src/usart.o
 .debug_aranges
                0x000003d0       0x28 ./Core/Startup/startup_stm32f407zgtx.o
 .debug_aranges
                0x000003f8       0xf0 ./Drivers/STM32F4xx_HAL_Driver/Src/stm32f4xx_hal.o
 .debug_aranges
                0x000004e8      0x130 ./Drivers/STM32F4xx_HAL_Driver/Src/stm32f4xx_hal_cortex.o
 .debug_aranges
                0x00000618       0x90 ./Drivers/STM32F4xx_HAL_Driver/Src/stm32f4xx_hal_dma.o
 .debug_aranges
                0x000006a8       0x58 ./Drivers/STM32F4xx_HAL_Driver/Src/stm32f4xx_hal_gpio.o
 .debug_aranges
                0x00000700      0x2a8 ./Drivers/STM32F4xx_HAL_Driver/Src/stm32f4xx_hal_i2c.o
 .debug_aranges
                0x000009a8       0x88 ./Drivers/STM32F4xx_HAL_Driver/Src/stm32f4xx_hal_rcc.o
 .debug_aranges
                0x00000a30      0x1d0 ./Drivers/STM32F4xx_HAL_Driver/Src/stm32f4xx_hal_spi.o
 .debug_aranges
                0x00000c00       0xb8 ./Drivers/STM32F4xx_HAL_Driver/Src/stm32f4xx_hal_sram.o
 .debug_aranges
                0x00000cb8      0x3d0 ./Drivers/STM32F4xx_HAL_Driver/Src/stm32f4xx_hal_tim.o
 .debug_aranges
                0x00001088      0x168 ./Drivers/STM32F4xx_HAL_Driver/Src/stm32f4xx_hal_tim_ex.o
 .debug_aranges
                0x000011f0      0x208 ./Drivers/STM32F4xx_HAL_Driver/Src/stm32f4xx_hal_uart.o
 .debug_aranges
                0x000013f8       0xa8 ./Drivers/STM32F4xx_HAL_Driver/Src/stm32f4xx_ll_fsmc.o

.debug_rnglists
                0x00000000     0x101d
 .debug_rnglists
                0x00000000       0x1a ./Core/Src/button.o
 .debug_rnglists
                0x0000001a       0x2d ./Core/Src/fsmc.o
 .debug_rnglists
                0x00000047       0x14 ./Core/Src/gpio.o
 .debug_rnglists
                0x0000005b       0x20 ./Core/Src/i2c.o
 .debug_rnglists
                0x0000007b       0xb0 ./Core/Src/lcd.o
 .debug_rnglists
                0x0000012b       0x38 ./Core/Src/led7Seg.o
 .debug_rnglists
                0x00000163       0x2c ./Core/Src/main.o
 .debug_rnglists
                0x0000018f       0x38 ./Core/Src/sTimer.o
 .debug_rnglists
                0x000001c7       0x20 ./Core/Src/spi.o
 .debug_rnglists
                0x000001e7       0x13 ./Core/Src/stm32f4xx_hal_msp.o
 .debug_rnglists
                0x000001fa       0x55 ./Core/Src/stm32f4xx_it.o
 .debug_rnglists
                0x0000024f       0x1a ./Core/Src/system_stm32f4xx.o
 .debug_rnglists
                0x00000269       0x28 ./Core/Src/tim.o
 .debug_rnglists
                0x00000291       0x20 ./Core/Src/usart.o
 .debug_rnglists
                0x000002b1       0x19 ./Core/Startup/startup_stm32f407zgtx.o
 .debug_rnglists
                0x000002ca       0xaf ./Drivers/STM32F4xx_HAL_Driver/Src/stm32f4xx_hal.o
 .debug_rnglists
                0x00000379       0xe0 ./Drivers/STM32F4xx_HAL_Driver/Src/stm32f4xx_hal_cortex.o
 .debug_rnglists
                0x00000459       0x70 ./Drivers/STM32F4xx_HAL_Driver/Src/stm32f4xx_hal_dma.o
 .debug_rnglists
                0x000004c9       0x3f ./Drivers/STM32F4xx_HAL_Driver/Src/stm32f4xx_hal_gpio.o
 .debug_rnglists
                0x00000508      0x23c ./Drivers/STM32F4xx_HAL_Driver/Src/stm32f4xx_hal_i2c.o
 .debug_rnglists
                0x00000744       0x66 ./Drivers/STM32F4xx_HAL_Driver/Src/stm32f4xx_hal_rcc.o
 .debug_rnglists
                0x000007aa      0x16f ./Drivers/STM32F4xx_HAL_Driver/Src/stm32f4xx_hal_spi.o
 .debug_rnglists
                0x00000919       0x8d ./Drivers/STM32F4xx_HAL_Driver/Src/stm32f4xx_hal_sram.o
 .debug_rnglists
                0x000009a6      0x31a ./Drivers/STM32F4xx_HAL_Driver/Src/stm32f4xx_hal_tim.o
 .debug_rnglists
                0x00000cc0      0x125 ./Drivers/STM32F4xx_HAL_Driver/Src/stm32f4xx_hal_tim_ex.o
 .debug_rnglists
                0x00000de5      0x1bc ./Drivers/STM32F4xx_HAL_Driver/Src/stm32f4xx_hal_uart.o
 .debug_rnglists
                0x00000fa1       0x7c ./Drivers/STM32F4xx_HAL_Driver/Src/stm32f4xx_ll_fsmc.o

.debug_macro    0x00000000    0x23bbd
 .debug_macro   0x00000000      0x23a ./Core/Src/button.o
 .debug_macro   0x0000023a      0xab4 ./Core/Src/button.o
 .debug_macro   0x00000cee       0x22 ./Core/Src/button.o
 .debug_macro   0x00000d10       0x8e ./Core/Src/button.o
 .debug_macro   0x00000d9e       0x51 ./Core/Src/button.o
 .debug_macro   0x00000def      0x103 ./Core/Src/button.o
 .debug_macro   0x00000ef2       0x6a ./Core/Src/button.o
 .debug_macro   0x00000f5c      0x1df ./Core/Src/button.o
 .debug_macro   0x0000113b      0x2ad ./Core/Src/button.o
 .debug_macro   0x000013e8       0x2e ./Core/Src/button.o
 .debug_macro   0x00001416       0x2f ./Core/Src/button.o
 .debug_macro   0x00001445       0x1c ./Core/Src/button.o
 .debug_macro   0x00001461       0x22 ./Core/Src/button.o
 .debug_macro   0x00001483       0xfb ./Core/Src/button.o
 .debug_macro   0x0000157e     0x1011 ./Core/Src/button.o
 .debug_macro   0x0000258f      0x11f ./Core/Src/button.o
 .debug_macro   0x000026ae    0x15e97 ./Core/Src/button.o
 .debug_macro   0x00018545       0x6d ./Core/Src/button.o
 .debug_macro   0x000185b2     0x369a ./Core/Src/button.o
 .debug_macro   0x0001bc4c      0x189 ./Core/Src/button.o
 .debug_macro   0x0001bdd5       0x5c ./Core/Src/button.o
 .debug_macro   0x0001be31      0x980 ./Core/Src/button.o
 .debug_macro   0x0001c7b1      0x9e9 ./Core/Src/button.o
 .debug_macro   0x0001d19a      0x115 ./Core/Src/button.o
 .debug_macro   0x0001d2af      0x13e ./Core/Src/button.o
 .debug_macro   0x0001d3ed       0xa5 ./Core/Src/button.o
 .debug_macro   0x0001d492      0x174 ./Core/Src/button.o
 .debug_macro   0x0001d606      0x287 ./Core/Src/button.o
 .debug_macro   0x0001d88d       0x5f ./Core/Src/button.o
 .debug_macro   0x0001d8ec      0x236 ./Core/Src/button.o
 .debug_macro   0x0001db22      0x12c ./Core/Src/button.o
 .debug_macro   0x0001dc4e      0x21e ./Core/Src/button.o
 .debug_macro   0x0001de6c       0x2e ./Core/Src/button.o
 .debug_macro   0x0001de9a      0x516 ./Core/Src/button.o
 .debug_macro   0x0001e3b0      0x1b5 ./Core/Src/button.o
 .debug_macro   0x0001e565       0xd6 ./Core/Src/button.o
 .debug_macro   0x0001e63b      0x127 ./Core/Src/button.o
 .debug_macro   0x0001e762       0x7e ./Core/Src/button.o
 .debug_macro   0x0001e7e0       0x89 ./Core/Src/button.o
 .debug_macro   0x0001e869      0x225 ./Core/Src/button.o
 .debug_macro   0x0001ea8e      0x8ed ./Core/Src/button.o
 .debug_macro   0x0001f37b       0x4d ./Core/Src/button.o
 .debug_macro   0x0001f3c8      0x2aa ./Core/Src/button.o
 .debug_macro   0x0001f672      0x12d ./Core/Src/button.o
 .debug_macro   0x0001f79f       0x58 ./Core/Src/button.o
 .debug_macro   0x0001f7f7      0x226 ./Core/Src/fsmc.o
 .debug_macro   0x0001fa1d      0x226 ./Core/Src/gpio.o
 .debug_macro   0x0001fc43      0x226 ./Core/Src/i2c.o
 .debug_macro   0x0001fe69      0x345 ./Core/Src/lcd.o
 .debug_macro   0x000201ae       0xd6 ./Core/Src/lcd.o
 .debug_macro   0x00020284       0x2a ./Core/Src/lcd.o
 .debug_macro   0x000202ae       0x61 ./Core/Src/lcd.o
 .debug_macro   0x0002030f       0x43 ./Core/Src/lcd.o
 .debug_macro   0x00020352       0x34 ./Core/Src/lcd.o
 .debug_macro   0x00020386       0x16 ./Core/Src/lcd.o
 .debug_macro   0x0002039c       0x35 ./Core/Src/lcd.o
 .debug_macro   0x000203d1       0x16 ./Core/Src/lcd.o
 .debug_macro   0x000203e7       0x43 ./Core/Src/lcd.o
 .debug_macro   0x0002042a       0x34 ./Core/Src/lcd.o
 .debug_macro   0x0002045e       0x10 ./Core/Src/lcd.o
 .debug_macro   0x0002046e       0x58 ./Core/Src/lcd.o
 .debug_macro   0x000204c6       0x8e ./Core/Src/lcd.o
 .debug_macro   0x00020554       0x1c ./Core/Src/lcd.o
 .debug_macro   0x00020570      0x177 ./Core/Src/lcd.o
 .debug_macro   0x000206e7      0x369 ./Core/Src/lcd.o
 .debug_macro   0x00020a50       0x16 ./Core/Src/lcd.o
 .debug_macro   0x00020a66       0x29 ./Core/Src/lcd.o
 .debug_macro   0x00020a8f       0x16 ./Core/Src/lcd.o
 .debug_macro   0x00020aa5       0x20 ./Core/Src/lcd.o
 .debug_macro   0x00020ac5      0x230 ./Core/Src/led7Seg.o
 .debug_macro   0x00020cf5      0x365 ./Core/Src/main.o
 .debug_macro   0x0002105a      0x19b ./Core/Src/main.o
 .debug_macro   0x000211f5       0x16 ./Core/Src/main.o
 .debug_macro   0x0002120b       0xdc ./Core/Src/main.o
 .debug_macro   0x000212e7      0x23f ./Core/Src/sTimer.o
 .debug_macro   0x00021526       0x10 ./Core/Src/sTimer.o
 .debug_macro   0x00021536      0x226 ./Core/Src/spi.o
 .debug_macro   0x0002175c      0x21c ./Core/Src/stm32f4xx_hal_msp.o
 .debug_macro   0x00021978      0x226 ./Core/Src/stm32f4xx_it.o
 .debug_macro   0x00021b9e      0x20d ./Core/Src/system_stm32f4xx.o
 .debug_macro   0x00021dab      0x226 ./Core/Src/tim.o
 .debug_macro   0x00021fd1      0x226 ./Core/Src/usart.o
 .debug_macro   0x000221f7      0x26d ./Drivers/STM32F4xx_HAL_Driver/Src/stm32f4xx_hal.o
 .debug_macro   0x00022464      0x20d ./Drivers/STM32F4xx_HAL_Driver/Src/stm32f4xx_hal_cortex.o
 .debug_macro   0x00022671      0x213 ./Drivers/STM32F4xx_HAL_Driver/Src/stm32f4xx_hal_dma.o
 .debug_macro   0x00022884      0x213 ./Drivers/STM32F4xx_HAL_Driver/Src/stm32f4xx_hal_gpio.o
 .debug_macro   0x00022a97      0x25b ./Drivers/STM32F4xx_HAL_Driver/Src/stm32f4xx_hal_i2c.o
 .debug_macro   0x00022cf2      0x231 ./Drivers/STM32F4xx_HAL_Driver/Src/stm32f4xx_hal_rcc.o
 .debug_macro   0x00022f23      0x21c ./Drivers/STM32F4xx_HAL_Driver/Src/stm32f4xx_hal_spi.o
 .debug_macro   0x0002313f      0x20d ./Drivers/STM32F4xx_HAL_Driver/Src/stm32f4xx_hal_sram.o
 .debug_macro   0x0002334c      0x20e ./Drivers/STM32F4xx_HAL_Driver/Src/stm32f4xx_hal_tim.o
 .debug_macro   0x0002355a      0x20d ./Drivers/STM32F4xx_HAL_Driver/Src/stm32f4xx_hal_tim_ex.o
 .debug_macro   0x00023767      0x20e ./Drivers/STM32F4xx_HAL_Driver/Src/stm32f4xx_hal_uart.o
 .debug_macro   0x00023975      0x248 ./Drivers/STM32F4xx_HAL_Driver/Src/stm32f4xx_ll_fsmc.o

.debug_line     0x00000000    0x1a770
 .debug_line    0x00000000      0x7e0 ./Core/Src/button.o
 .debug_line    0x000007e0      0x85b ./Core/Src/fsmc.o
 .debug_line    0x0000103b      0x7a5 ./Core/Src/gpio.o
 .debug_line    0x000017e0      0x7c4 ./Core/Src/i2c.o
 .debug_line    0x00001fa4     0x1064 ./Core/Src/lcd.o
 .debug_line    0x00003008      0x863 ./Core/Src/led7Seg.o
 .debug_line    0x0000386b      0x9ed ./Core/Src/main.o
 .debug_line    0x00004258      0x857 ./Core/Src/sTimer.o
 .debug_line    0x00004aaf      0x7cc ./Core/Src/spi.o
 .debug_line    0x0000527b      0x75a ./Core/Src/stm32f4xx_hal_msp.o
 .debug_line    0x000059d5      0x865 ./Core/Src/stm32f4xx_it.o
 .debug_line    0x0000623a      0x7df ./Core/Src/system_stm32f4xx.o
 .debug_line    0x00006a19      0x83c ./Core/Src/tim.o
 .debug_line    0x00007255      0x7c7 ./Core/Src/usart.o
 .debug_line    0x00007a1c       0x7a ./Core/Startup/startup_stm32f407zgtx.o
 .debug_line    0x00007a96      0xa48 ./Drivers/STM32F4xx_HAL_Driver/Src/stm32f4xx_hal.o
 .debug_line    0x000084de      0xd3a ./Drivers/STM32F4xx_HAL_Driver/Src/stm32f4xx_hal_cortex.o
 .debug_line    0x00009218      0xfb8 ./Drivers/STM32F4xx_HAL_Driver/Src/stm32f4xx_hal_dma.o
 .debug_line    0x0000a1d0      0xbd4 ./Drivers/STM32F4xx_HAL_Driver/Src/stm32f4xx_hal_gpio.o
 .debug_line    0x0000ada4     0x3b8e ./Drivers/STM32F4xx_HAL_Driver/Src/stm32f4xx_hal_i2c.o
 .debug_line    0x0000e932      0xdd1 ./Drivers/STM32F4xx_HAL_Driver/Src/stm32f4xx_hal_rcc.o
 .debug_line    0x0000f703     0x1d66 ./Drivers/STM32F4xx_HAL_Driver/Src/stm32f4xx_hal_spi.o
 .debug_line    0x00011469      0xd5d ./Drivers/STM32F4xx_HAL_Driver/Src/stm32f4xx_hal_sram.o
 .debug_line    0x000121c6     0x37ec ./Drivers/STM32F4xx_HAL_Driver/Src/stm32f4xx_hal_tim.o
 .debug_line    0x000159b2     0x1a3e ./Drivers/STM32F4xx_HAL_Driver/Src/stm32f4xx_hal_tim_ex.o
 .debug_line    0x000173f0     0x291a ./Drivers/STM32F4xx_HAL_Driver/Src/stm32f4xx_hal_uart.o
 .debug_line    0x00019d0a      0xa66 ./Drivers/STM32F4xx_HAL_Driver/Src/stm32f4xx_ll_fsmc.o

.debug_str      0x00000000    0xd34f0
 .debug_str     0x00000000    0xc9e12 ./Core/Src/button.o
                              0xca11f (size before relaxing)
 .debug_str     0x000c9e12      0x3ef ./Core/Src/fsmc.o
                              0xca2df (size before relaxing)
 .debug_str     0x000ca201       0x20 ./Core/Src/gpio.o
                              0xc9d8d (size before relaxing)
 .debug_str     0x000ca221      0x2bb ./Core/Src/i2c.o
                              0xca2bc (size before relaxing)
 .debug_str     0x000ca4dc     0x36e8 ./Core/Src/lcd.o
                              0xcd34d (size before relaxing)
 .debug_str     0x000cdbc4       0xe0 ./Core/Src/led7Seg.o
                              0xca199 (size before relaxing)
 .debug_str     0x000cdca4      0xa74 ./Core/Src/main.o
                              0xcdbc7 (size before relaxing)
 .debug_str     0x000ce718      0x32c ./Core/Src/sTimer.o
                              0xca270 (size before relaxing)
 .debug_str     0x000cea44       0x4b ./Core/Src/spi.o
                              0xca219 (size before relaxing)
 .debug_str     0x000cea8f       0x2c ./Core/Src/stm32f4xx_hal_msp.o
                              0xc9cc2 (size before relaxing)
 .debug_str     0x000ceabb      0x2b5 ./Core/Src/stm32f4xx_it.o
                              0xca40c (size before relaxing)
 .debug_str     0x000ced70       0xdb ./Core/Src/system_stm32f4xx.o
                              0xc9c14 (size before relaxing)
 .debug_str     0x000cee4b      0x653 ./Core/Src/tim.o
                              0xca8aa (size before relaxing)
 .debug_str     0x000cf49e       0x51 ./Core/Src/usart.o
                              0xca77e (size before relaxing)
 .debug_str     0x000cf4ef       0x44 ./Core/Startup/startup_stm32f407zgtx.o
                                 0x77 (size before relaxing)
 .debug_str     0x000cf533      0x603 ./Drivers/STM32F4xx_HAL_Driver/Src/stm32f4xx_hal.o
                              0xca798 (size before relaxing)
 .debug_str     0x000cfb36      0x36b ./Drivers/STM32F4xx_HAL_Driver/Src/stm32f4xx_hal_cortex.o
                              0xca514 (size before relaxing)
 .debug_str     0x000cfea1      0x315 ./Drivers/STM32F4xx_HAL_Driver/Src/stm32f4xx_hal_dma.o
                              0xca02e (size before relaxing)
 .debug_str     0x000d01b6      0x109 ./Drivers/STM32F4xx_HAL_Driver/Src/stm32f4xx_hal_gpio.o
                              0xc9d8f (size before relaxing)
 .debug_str     0x000d02bf      0xb19 ./Drivers/STM32F4xx_HAL_Driver/Src/stm32f4xx_hal_i2c.o
                              0xcac32 (size before relaxing)
 .debug_str     0x000d0dd8      0x213 ./Drivers/STM32F4xx_HAL_Driver/Src/stm32f4xx_hal_rcc.o
                              0xca048 (size before relaxing)
 .debug_str     0x000d0feb      0x536 ./Drivers/STM32F4xx_HAL_Driver/Src/stm32f4xx_hal_spi.o
                              0xca4d2 (size before relaxing)
 .debug_str     0x000d1521      0x1f0 ./Drivers/STM32F4xx_HAL_Driver/Src/stm32f4xx_hal_sram.o
                              0xca212 (size before relaxing)
 .debug_str     0x000d1711      0xd9d ./Drivers/STM32F4xx_HAL_Driver/Src/stm32f4xx_hal_tim.o
                              0xcaf9e (size before relaxing)
 .debug_str     0x000d24ae      0x493 ./Drivers/STM32F4xx_HAL_Driver/Src/stm32f4xx_hal_tim_ex.o
                              0xca7aa (size before relaxing)
 .debug_str     0x000d2941      0x5f3 ./Drivers/STM32F4xx_HAL_Driver/Src/stm32f4xx_hal_uart.o
                              0xca629 (size before relaxing)
 .debug_str     0x000d2f34      0x5bc ./Drivers/STM32F4xx_HAL_Driver/Src/stm32f4xx_ll_fsmc.o
                              0xca47f (size before relaxing)

.comment        0x00000000       0x43
 .comment       0x00000000       0x43 ./Core/Src/button.o
                                 0x44 (size before relaxing)
 .comment       0x00000043       0x44 ./Core/Src/fsmc.o
 .comment       0x00000043       0x44 ./Core/Src/gpio.o
 .comment       0x00000043       0x44 ./Core/Src/i2c.o
 .comment       0x00000043       0x44 ./Core/Src/lcd.o
 .comment       0x00000043       0x44 ./Core/Src/led7Seg.o
 .comment       0x00000043       0x44 ./Core/Src/main.o
 .comment       0x00000043       0x44 ./Core/Src/sTimer.o
 .comment       0x00000043       0x44 ./Core/Src/spi.o
 .comment       0x00000043       0x44 ./Core/Src/stm32f4xx_hal_msp.o
 .comment       0x00000043       0x44 ./Core/Src/stm32f4xx_it.o
 .comment       0x00000043       0x44 ./Core/Src/system_stm32f4xx.o
 .comment       0x00000043       0x44 ./Core/Src/tim.o
 .comment       0x00000043       0x44 ./Core/Src/usart.o
 .comment       0x00000043       0x44 ./Drivers/STM32F4xx_HAL_Driver/Src/stm32f4xx_hal.o
 .comment       0x00000043       0x44 ./Drivers/STM32F4xx_HAL_Driver/Src/stm32f4xx_hal_cortex.o
 .comment       0x00000043       0x44 ./Drivers/STM32F4xx_HAL_Driver/Src/stm32f4xx_hal_dma.o
 .comment       0x00000043       0x44 ./Drivers/STM32F4xx_HAL_Driver/Src/stm32f4xx_hal_gpio.o
 .comment       0x00000043       0x44 ./Drivers/STM32F4xx_HAL_Driver/Src/stm32f4xx_hal_i2c.o
 .comment       0x00000043       0x44 ./Drivers/STM32F4xx_HAL_Driver/Src/stm32f4xx_hal_rcc.o
 .comment       0x00000043       0x44 ./Drivers/STM32F4xx_HAL_Driver/Src/stm32f4xx_hal_spi.o
 .comment       0x00000043       0x44 ./Drivers/STM32F4xx_HAL_Driver/Src/stm32f4xx_hal_sram.o
 .comment       0x00000043       0x44 ./Drivers/STM32F4xx_HAL_Driver/Src/stm32f4xx_hal_tim.o
 .comment       0x00000043       0x44 ./Drivers/STM32F4xx_HAL_Driver/Src/stm32f4xx_hal_tim_ex.o
 .comment       0x00000043       0x44 ./Drivers/STM32F4xx_HAL_Driver/Src/stm32f4xx_hal_uart.o
 .comment       0x00000043       0x44 ./Drivers/STM32F4xx_HAL_Driver/Src/stm32f4xx_ll_fsmc.o

.debug_frame    0x00000000     0x5628
 .debug_frame   0x00000000       0x50 ./Core/Src/button.o
 .debug_frame   0x00000050       0xbc ./Core/Src/fsmc.o
 .debug_frame   0x0000010c       0x34 ./Core/Src/gpio.o
 .debug_frame   0x00000140       0x74 ./Core/Src/i2c.o
 .debug_frame   0x000001b4      0x3c0 ./Core/Src/lcd.o
 .debug_frame   0x00000574      0x110 ./Core/Src/led7Seg.o
 .debug_frame   0x00000684       0xa0 ./Core/Src/main.o
 .debug_frame   0x00000724       0xfc ./Core/Src/sTimer.o
 .debug_frame   0x00000820       0x74 ./Core/Src/spi.o
 .debug_frame   0x00000894       0x38 ./Core/Src/stm32f4xx_hal_msp.o
 .debug_frame   0x000008cc      0x158 ./Core/Src/stm32f4xx_it.o
 .debug_frame   0x00000a24       0x58 ./Core/Src/system_stm32f4xx.o
 .debug_frame   0x00000a7c       0xa0 ./Core/Src/tim.o
 .debug_frame   0x00000b1c       0x74 ./Core/Src/usart.o
 .debug_frame   0x00000b90      0x374 ./Drivers/STM32F4xx_HAL_Driver/Src/stm32f4xx_hal.o
 .debug_frame   0x00000f04      0x508 ./Drivers/STM32F4xx_HAL_Driver/Src/stm32f4xx_hal_cortex.o
 .debug_frame   0x0000140c      0x250 ./Drivers/STM32F4xx_HAL_Driver/Src/stm32f4xx_hal_dma.o
 .debug_frame   0x0000165c      0x14c ./Drivers/STM32F4xx_HAL_Driver/Src/stm32f4xx_hal_gpio.o
 .debug_frame   0x000017a8      0xc84 ./Drivers/STM32F4xx_HAL_Driver/Src/stm32f4xx_hal_i2c.o
 .debug_frame   0x0000242c      0x1f4 ./Drivers/STM32F4xx_HAL_Driver/Src/stm32f4xx_hal_rcc.o
 .debug_frame   0x00002620      0x828 ./Drivers/STM32F4xx_HAL_Driver/Src/stm32f4xx_hal_spi.o
 .debug_frame   0x00002e48      0x30c ./Drivers/STM32F4xx_HAL_Driver/Src/stm32f4xx_hal_sram.o
 .debug_frame   0x00003154     0x11c0 ./Drivers/STM32F4xx_HAL_Driver/Src/stm32f4xx_hal_tim.o
 .debug_frame   0x00004314      0x638 ./Drivers/STM32F4xx_HAL_Driver/Src/stm32f4xx_hal_tim_ex.o
 .debug_frame   0x0000494c      0x954 ./Drivers/STM32F4xx_HAL_Driver/Src/stm32f4xx_hal_uart.o
 .debug_frame   0x000052a0      0x2dc ./Drivers/STM32F4xx_HAL_Driver/Src/stm32f4xx_ll_fsmc.o
 .debug_frame   0x0000557c       0x20 /Applications/STM32CubeIDE.app/Contents/Eclipse/plugins/com.st.stm32cube.ide.mcu.externaltools.gnu-tools-for-stm32.12.3.rel1.macos64_1.0.100.202403111906/tools/bin/../lib/gcc/arm-none-eabi/12.3.1/../../../../arm-none-eabi/lib/thumb/v7e-m+fp/hard/libc_nano.a(libc_a-memset.o)
 .debug_frame   0x0000559c       0x2c /Applications/STM32CubeIDE.app/Contents/Eclipse/plugins/com.st.stm32cube.ide.mcu.externaltools.gnu-tools-for-stm32.12.3.rel1.macos64_1.0.100.202403111906/tools/bin/../lib/gcc/arm-none-eabi/12.3.1/../../../../arm-none-eabi/lib/thumb/v7e-m+fp/hard/libc_nano.a(libc_a-init.o)
 .debug_frame   0x000055c8       0x2c /Applications/STM32CubeIDE.app/Contents/Eclipse/plugins/com.st.stm32cube.ide.mcu.externaltools.gnu-tools-for-stm32.12.3.rel1.macos64_1.0.100.202403111906/tools/bin/../lib/gcc/arm-none-eabi/12.3.1/thumb/v7e-m+fp/hard/libgcc.a(_aeabi_uldivmod.o)
 .debug_frame   0x000055f4       0x34 /Applications/STM32CubeIDE.app/Contents/Eclipse/plugins/com.st.stm32cube.ide.mcu.externaltools.gnu-tools-for-stm32.12.3.rel1.macos64_1.0.100.202403111906/tools/bin/../lib/gcc/arm-none-eabi/12.3.1/thumb/v7e-m+fp/hard/libgcc.a(_udivmoddi4.o)

.debug_line_str
                0x00000000       0x5b
 .debug_line_str
                0x00000000       0x5b ./Core/Startup/startup_stm32f407zgtx.o
